../Core/Src/main.c:125:7:abs_	16	static
../Core/Src/main.c:131:6:Follow_Tracking	24	static
../Core/Src/main.c:152:6:stop_or_run	4	static
../Core/Src/main.c:162:6:no_line_no_run	4	static
../Core/Src/main.c:169:6:yes_or_no_good	4	static
../Core/Src/main.c:183:6:CaculatorFuntionSensor	16	static
../Core/Src/main.c:191:6:CalibrationSenrsorValue	24	static
../Core/Src/main.c:200:6:CalibSensorDependOnEnvironment	16	static
../Core/Src/main.c:219:7:ErrorLine	16	static
../Core/Src/main.c:227:6:find_e2_e3	16	static
../Core/Src/main.c:239:6:color_recognize	16	static
../Core/Src/main.c:287:6:brake	8	static
../Core/Src/main.c:302:6:brake2	8	static
../Core/Src/main.c:326:6:find_speed	16	static
../Core/Src/main.c:338:7:control_motor_A	24	static
../Core/Src/main.c:351:7:control_motor_B	24	static
../Core/Src/main.c:450:6:HAL_TIM_PeriodElapsedCallback	16	static
../Core/Src/main.c:539:5:main	8	static
../Core/Src/main.c:676:6:SystemClock_Config	88	static
../Core/Src/main.c:720:13:MX_ADC1_Init	24	static
../Core/Src/main.c:803:13:MX_I2C1_Init	8	static
../Core/Src/main.c:837:13:MX_TIM1_Init	56	static
../Core/Src/main.c:887:13:MX_TIM2_Init	56	static
../Core/Src/main.c:936:13:MX_TIM3_Init	64	static
../Core/Src/main.c:999:13:MX_TIM4_Init	72	static
../Core/Src/main.c:1066:13:MX_USART3_UART_Init	8	static
../Core/Src/main.c:1097:13:MX_DMA_Init	16	static
../Core/Src/main.c:1115:13:MX_GPIO_Init	32	static
../Core/Src/main.c:1153:6:Error_Handler	4	static,ignoring_inline_asm
