../Core/Src/main.c:119:7:abs_	16	static
../Core/Src/main.c:125:6:Follow_Tracking	24	static
../Core/Src/main.c:146:6:stop_or_run	4	static
../Core/Src/main.c:151:6:no_line_no_run	4	static
../Core/Src/main.c:158:6:yes_or_no_good	4	static
../Core/Src/main.c:172:6:CaculatorFuntionSensor	16	static
../Core/Src/main.c:180:6:CalibrationSenrsorValue	24	static
../Core/Src/main.c:189:6:CalibSensorDependOnEnvironment	16	static
../Core/Src/main.c:208:7:ErrorLine	16	static
../Core/Src/main.c:216:6:find_e2_e3	16	static
../Core/Src/main.c:228:6:color_recognize	16	static
../Core/Src/main.c:276:6:brake	8	static
../Core/Src/main.c:292:6:find_speed	16	static
../Core/Src/main.c:304:7:control_motor_A	24	static
../Core/Src/main.c:317:7:control_motor_B	24	static
../Core/Src/main.c:395:6:HAL_TIM_PeriodElapsedCallback	16	static
../Core/Src/main.c:469:5:main	8	static
../Core/Src/main.c:576:6:SystemClock_Config	88	static
../Core/Src/main.c:620:13:MX_ADC1_Init	24	static
../Core/Src/main.c:703:13:MX_I2C1_Init	8	static
../Core/Src/main.c:737:13:MX_TIM1_Init	56	static
../Core/Src/main.c:787:13:MX_TIM2_Init	56	static
../Core/Src/main.c:836:13:MX_TIM3_Init	64	static
../Core/Src/main.c:899:13:MX_TIM4_Init	72	static
../Core/Src/main.c:966:13:MX_USART3_UART_Init	8	static
../Core/Src/main.c:997:13:MX_DMA_Init	16	static
../Core/Src/main.c:1015:13:MX_GPIO_Init	32	static
../Core/Src/main.c:1053:6:Error_Handler	4	static,ignoring_inline_asm
